<table><thead><tr><th>Id</th></tr></thead><tbody><tr><td>1</td></tr><tr><td>2</td></tr></tbody></table>