<table border="1"><thead><tr><th>Id</th><th>Name</th><th>Email</th></tr></thead><tbody><tr><td>1</td><td>Orchestra</td><td>hello@orchestraplatform.com</td></tr><tr><td>2</td><td>Lloric</td><td>lloricode@gmail.com</td></tr></tbody></table>