<table><thead><tr><th>name</th><th>Option</th></tr></thead><tbody><tr><td>Orchestra</td><td><a href="http://localhost/test/1">View</a></td></tr></tbody></table>