<table><thead><tr><th>Id</th><th>Name</th><th>Email</th></tr></thead><tbody><tr><td>2</td><td>Lloric</td><td>lloricode@gmail.com</td></tr></tbody></table>