<table class="table"><thead><tr><th>Date</th><th>Description</th><th>Amount</th></tr></thead><tbody><tr><td scope="row">1</td><td>Mark</td><td>Otto</td></tr><tr><td scope="row">2</td><td>foo</td><td>varr</td></tr></tbody></table>