<table><thead><tr><th scope="test">Header</th></tr></thead><tbody><tr><td>Value</td></tr></tbody></table>