<table><thead><tr><th>Header</th></tr></thead><tbody><tr><td id="testid">row data</td test close></tr></tbody></table>