<table><thead><tr><th>col1</th><th>col2</th></tr></thead><tbody><tr><td style="background-color:yellow">Lloric</td><td style="background-color:yellow">Garcia</td></tr><tr><td style="background-color:blue">Foo</td><td style="background-color:blue">Bar</td></tr><tr><td style="background-color:yellow">Foo1</td><td style="background-color:yellow">bar11</td></tr><tr><td style="background-color:blue">tst</td><td style="background-color:blue">tesss</td></tr></tbody></table>