<table border="1"><thead><tr><th>Header</th></tr></thead><tbody><tr><td>Row</td></tr></tbody></table>