<table><thead><tr><th>col1</th><th>col2</th></tr></thead><tbody><tr><td>Lloric</td><td>Garcia</td></tr><tr><td>Foo</td><td>Bar</td></tr><tr><td>Foo1</td><td>bar11</td></tr><tr><td>tst</td><td>tesss</td></tr></tbody></table>